// Jest Snapshot v1, https://goo.gl/fbAQLP

exports[`<Repositories /> should render correct 1`] = `<input />`;

exports[`HOC: withDebounce should render correct 1`] = `<input />`;
